<html>
<body>
<pre>
<h1>µVision Build Log</h1>
<h2>Tool Versions:</h2>
IDE-Version: µVision V5.35.0.0
Copyright (C) 2021 ARM Ltd and ARM Germany GmbH. All rights reserved.
License Information: kaung htet htun, ROM Robotics, LIC=----
 
Tool Versions:
Toolchain:       MDK-Lite  Version: 5.35.0.2
Toolchain Path:  C:\Keil_v5\ARM\ARMCLANG\Bin
C Compiler:      ArmClang.exe V6.16
Assembler:       Armasm.exe V6.16
Linker/Locator:  ArmLink.exe V6.16
Library Manager: ArmAr.exe V6.16
Hex Converter:   FromElf.exe V6.16
CPU DLL:         SARMCM3.DLL V5.35.0.2
Dialog DLL:      DCM.DLL V1.17.3.0
Target DLL:      UL2CM3.DLL V1.164.0.0
Dialog DLL:      TCM.DLL V1.53.0.0
 
<h2>Project:</h2>
C:\Users\Kaung Htet Htun\OneDrive\Desktop\stm32NUCLEO\Testing\test\test.uvprojx
Project File Date:  12/31/2023

<h2>Output:</h2>
*** Using Compiler 'V6.16', folder: 'C:\Keil_v5\ARM\ARMCLANG\Bin'
Build target 'Target 1'
main.c(1): warning: In file included from...
C:/Users/Kaung Htet Htun/AppData/Local/Arm/Packs/Keil/STM32F4xx_DFP/2.17.1/Drivers/CMSIS/Device/ST/STM32F4xx/Include\stm32f4xx.h(287): warning: In file included from...
C:/Users/Kaung Htet Htun/AppData/Local/Arm/Packs/Keil/STM32F4xx_DFP/2.17.1/Drivers/STM32F4xx_HAL_Driver/Inc\stm32f4xx_hal.h(29): warning: In file included from...
./RTE/Device/STM32F407VGTx\stm32f4xx_hal_conf.h(395): warning: In file included from...
C:/Users/Kaung Htet Htun/AppData/Local/Arm/Packs/Keil/STM32F4xx_DFP/2.17.1/Drivers/STM32F4xx_HAL_Driver/Inc\stm32f4xx_hal_dma.h(109): warning: commas at the end of enumerator lists are a C99-specific feature [-Wc99-extensions]
  HAL_DMA_STATE_ABORT             = 0x05U,  /*!< DMA Abort state                     */
                                         ^~
main.c(1): warning: In file included from...
C:/Users/Kaung Htet Htun/AppData/Local/Arm/Packs/Keil/STM32F4xx_DFP/2.17.1/Drivers/CMSIS/Device/ST/STM32F4xx/Include\stm32f4xx.h(287): warning: In file included from...
C:/Users/Kaung Htet Htun/AppData/Local/Arm/Packs/Keil/STM32F4xx_DFP/2.17.1/Drivers/STM32F4xx_HAL_Driver/Inc\stm32f4xx_hal.h(29): warning: In file included from...
./RTE/Device/STM32F407VGTx\stm32f4xx_hal_conf.h(511): warning: In file included from...
C:/Users/Kaung Htet Htun/AppData/Local/Arm/Packs/Keil/STM32F4xx_DFP/2.17.1/Drivers/STM32F4xx_HAL_Driver/Inc\stm32f4xx_hal_tim.h(306): warning: commas at the end of enumerator lists are a C99-specific feature [-Wc99-extensions]
  HAL_TIM_CHANNEL_STATE_BUSY              = 0x02U,    /*!< An internal process is ongoing on the TIM channel */
                                                 ^~
C:/Users/Kaung Htet Htun/AppData/Local/Arm/Packs/Keil/STM32F4xx_DFP/2.17.1/Drivers/STM32F4xx_HAL_Driver/Inc\stm32f4xx_hal_tim.h(316): warning: commas at the end of enumerator lists are a C99-specific feature [-Wc99-extensions]
  HAL_DMA_BURST_STATE_BUSY              = 0x02U,    /*!< Ongoing DMA Burst       */
                                               ^~
3 warnings generated.
compiling main.c...
C:/Users/Kaung Htet Htun/AppData/Local/Arm/Packs/Keil/STM32F4xx_DFP/2.17.1/Drivers/STM32F4xx_HAL_Driver/Src/stm32f4xx_hal.c(36): warning: In file included from...
C:/Users/Kaung Htet Htun/AppData/Local/Arm/Packs/Keil/STM32F4xx_DFP/2.17.1/Drivers/STM32F4xx_HAL_Driver/Inc\stm32f4xx_hal.h(29): warning: In file included from...
./RTE/Device/STM32F407VGTx\stm32f4xx_hal_conf.h(395): warning: In file included from...
C:/Users/Kaung Htet Htun/AppData/Local/Arm/Packs/Keil/STM32F4xx_DFP/2.17.1/Drivers/STM32F4xx_HAL_Driver/Inc\stm32f4xx_hal_dma.h(109): warning: commas at the end of enumerator lists are a C99-specific feature [-Wc99-extensions]
  HAL_DMA_STATE_ABORT             = 0x05U,  /*!< DMA Abort state                     */
                                         ^~
C:/Users/Kaung Htet Htun/AppData/Local/Arm/Packs/Keil/STM32F4xx_DFP/2.17.1/Drivers/STM32F4xx_HAL_Driver/Src/stm32f4xx_hal.c(36): warning: In file included from...
C:/Users/Kaung Htet Htun/AppData/Local/Arm/Packs/Keil/STM32F4xx_DFP/2.17.1/Drivers/STM32F4xx_HAL_Driver/Inc\stm32f4xx_hal.h(29): warning: In file included from...
./RTE/Device/STM32F407VGTx\stm32f4xx_hal_conf.h(511): warning: In file included from...
C:/Users/Kaung Htet Htun/AppData/Local/Arm/Packs/Keil/STM32F4xx_DFP/2.17.1/Drivers/STM32F4xx_HAL_Driver/Inc\stm32f4xx_hal_tim.h(306): warning: commas at the end of enumerator lists are a C99-specific feature [-Wc99-extensions]
  HAL_TIM_CHANNEL_STATE_BUSY              = 0x02U,    /*!< An internal process is ongoing on the TIM channel */
                                                 ^~
C:/Users/Kaung Htet Htun/AppData/Local/Arm/Packs/Keil/STM32F4xx_DFP/2.17.1/Drivers/STM32F4xx_HAL_Driver/Inc\stm32f4xx_hal_tim.h(316): warning: commas at the end of enumerator lists are a C99-specific feature [-Wc99-extensions]
  HAL_DMA_BURST_STATE_BUSY              = 0x02U,    /*!< Ongoing DMA Burst       */
                                               ^~
3 warnings generated.
compiling stm32f4xx_hal.c...
C:/Users/Kaung Htet Htun/AppData/Local/Arm/Packs/Keil/STM32F4xx_DFP/2.17.1/Drivers/STM32F4xx_HAL_Driver/Src/stm32f4xx_hal_pwr.c(24): warning: In file included from...
C:/Users/Kaung Htet Htun/AppData/Local/Arm/Packs/Keil/STM32F4xx_DFP/2.17.1/Drivers/STM32F4xx_HAL_Driver/Inc\stm32f4xx_hal.h(29): warning: In file included from...
./RTE/Device/STM32F407VGTx\stm32f4xx_hal_conf.h(395): warning: In file included from...
C:/Users/Kaung Htet Htun/AppData/Local/Arm/Packs/Keil/STM32F4xx_DFP/2.17.1/Drivers/STM32F4xx_HAL_Driver/Inc\stm32f4xx_hal_dma.h(109): warning: commas at the end of enumerator lists are a C99-specific feature [-Wc99-extensions]
  HAL_DMA_STATE_ABORT             = 0x05U,  /*!< DMA Abort state                     */
                                         ^~
C:/Users/Kaung Htet Htun/AppData/Local/Arm/Packs/Keil/STM32F4xx_DFP/2.17.1/Drivers/STM32F4xx_HAL_Driver/Src/stm32f4xx_hal_pwr.c(24): warning: In file included from...
C:/Users/Kaung Htet Htun/AppData/Local/Arm/Packs/Keil/STM32F4xx_DFP/2.17.1/Drivers/STM32F4xx_HAL_Driver/Inc\stm32f4xx_hal.h(29): warning: In file included from...
./RTE/Device/STM32F407VGTx\stm32f4xx_hal_conf.h(511): warning: In file included from...
C:/Users/Kaung Htet Htun/AppData/Local/Arm/Packs/Keil/STM32F4xx_DFP/2.17.1/Drivers/STM32F4xx_HAL_Driver/Inc\stm32f4xx_hal_tim.h(306): warning: commas at the end of enumerator lists are a C99-specific feature [-Wc99-extensions]
  HAL_TIM_CHANNEL_STATE_BUSY              = 0x02U,    /*!< An internal process is ongoing on the TIM channel */
                                                 ^~
C:/Users/Kaung Htet Htun/AppData/Local/Arm/Packs/Keil/STM32F4xx_DFP/2.17.1/Drivers/STM32F4xx_HAL_Driver/Inc\stm32f4xx_hal_tim.h(316): warning: commas at the end of enumerator lists are a C99-specific feature [-Wc99-extensions]
  HAL_DMA_BURST_STATE_BUSY              = 0x02U,    /*!< Ongoing DMA Burst       */
                                               ^~
C:/Users/Kaung Htet Htun/AppData/Local/Arm/Packs/Keil/STM32F4xx_DFP/2.17.1/Drivers/STM32F4xx_HAL_Driver/Src/stm32f4xx_hal_pwr.c(379): warning: unused parameter 'Regulator' [-Wunused-parameter]
void HAL_PWR_EnterSLEEPMode(uint32_t Regulator, uint8_t SLEEPEntry)
                                     ^
4 warnings generated.
compiling stm32f4xx_hal_pwr.c...
C:/Users/Kaung Htet Htun/AppData/Local/Arm/Packs/Keil/STM32F4xx_DFP/2.17.1/Drivers/STM32F4xx_HAL_Driver/Src/stm32f4xx_hal_cortex.c(81): warning: In file included from...
C:/Users/Kaung Htet Htun/AppData/Local/Arm/Packs/Keil/STM32F4xx_DFP/2.17.1/Drivers/STM32F4xx_HAL_Driver/Inc\stm32f4xx_hal.h(29): warning: In file included from...
./RTE/Device/STM32F407VGTx\stm32f4xx_hal_conf.h(395): warning: In file included from...
C:/Users/Kaung Htet Htun/AppData/Local/Arm/Packs/Keil/STM32F4xx_DFP/2.17.1/Drivers/STM32F4xx_HAL_Driver/Inc\stm32f4xx_hal_dma.h(109): warning: commas at the end of enumerator lists are a C99-specific feature [-Wc99-extensions]
  HAL_DMA_STATE_ABORT             = 0x05U,  /*!< DMA Abort state                     */
                                         ^~
C:/Users/Kaung Htet Htun/AppData/Local/Arm/Packs/Keil/STM32F4xx_DFP/2.17.1/Drivers/STM32F4xx_HAL_Driver/Src/stm32f4xx_hal_cortex.c(81): warning: In file included from...
C:/Users/Kaung Htet Htun/AppData/Local/Arm/Packs/Keil/STM32F4xx_DFP/2.17.1/Drivers/STM32F4xx_HAL_Driver/Inc\stm32f4xx_hal.h(29): warning: In file included from...
./RTE/Device/STM32F407VGTx\stm32f4xx_hal_conf.h(511): warning: In file included from...
C:/Users/Kaung Htet Htun/AppData/Local/Arm/Packs/Keil/STM32F4xx_DFP/2.17.1/Drivers/STM32F4xx_HAL_Driver/Inc\stm32f4xx_hal_tim.h(306): warning: commas at the end of enumerator lists are a C99-specific feature [-Wc99-extensions]
  HAL_TIM_CHANNEL_STATE_BUSY              = 0x02U,    /*!< An internal process is ongoing on the TIM channel */
                                                 ^~
C:/Users/Kaung Htet Htun/AppData/Local/Arm/Packs/Keil/STM32F4xx_DFP/2.17.1/Drivers/STM32F4xx_HAL_Driver/Inc\stm32f4xx_hal_tim.h(316): warning: commas at the end of enumerator lists are a C99-specific feature [-Wc99-extensions]
  HAL_DMA_BURST_STATE_BUSY              = 0x02U,    /*!< Ongoing DMA Burst       */
                                               ^~
C:/Users/Kaung Htet Htun/AppData/Local/Arm/Packs/Keil/STM32F4xx_DFP/2.17.1/Drivers/STM32F4xx_HAL_Driver/Src/stm32f4xx_hal_cortex.c(215): warning: function 'HAL_NVIC_SystemReset' could be declared with attribute 'noreturn' [-Wmissing-noreturn]
{
^
C:/Users/Kaung Htet Htun/AppData/Local/Arm/Packs/Keil/STM32F4xx_DFP/2.17.1/Drivers/STM32F4xx_HAL_Driver/Src/stm32f4xx_hal_cortex.c(81): warning: In file included from...
C:/Users/Kaung Htet Htun/AppData/Local/Arm/Packs/Keil/STM32F4xx_DFP/2.17.1/Drivers/STM32F4xx_HAL_Driver/Inc\stm32f4xx_hal.h(29): warning: In file included from...
./RTE/Device/STM32F407VGTx\stm32f4xx_hal_conf.h(399): warning: In file included from...
C:/Users/Kaung Htet Htun/AppData/Local/Arm/Packs/Keil/STM32F4xx_DFP/2.17.1/Drivers/STM32F4xx_HAL_Driver/Inc\stm32f4xx_hal_cortex.h(52): warning: padding struct 'MPU_Region_InitTypeDef' with 2 bytes to align 'BaseAddress' [-Wpadded]
  uint32_t               BaseAddress;           /*!< Specifies the base address of the region to protect.                           */
                         ^
5 warnings generated.
compiling stm32f4xx_hal_cortex.c...
C:/Users/Kaung Htet Htun/AppData/Local/Arm/Packs/Keil/STM32F4xx_DFP/2.17.1/Drivers/STM32F4xx_HAL_Driver/Src/stm32f4xx_hal_gpio.c(108): warning: In file included from...
C:/Users/Kaung Htet Htun/AppData/Local/Arm/Packs/Keil/STM32F4xx_DFP/2.17.1/Drivers/STM32F4xx_HAL_Driver/Inc\stm32f4xx_hal.h(29): warning: In file included from...
./RTE/Device/STM32F407VGTx\stm32f4xx_hal_conf.h(395): warning: In file included from...
C:/Users/Kaung Htet Htun/AppData/Local/Arm/Packs/Keil/STM32F4xx_DFP/2.17.1/Drivers/STM32F4xx_HAL_Driver/Inc\stm32f4xx_hal_dma.h(109): warning: commas at the end of enumerator lists are a C99-specific feature [-Wc99-extensions]
  HAL_DMA_STATE_ABORT             = 0x05U,  /*!< DMA Abort state                     */
                                         ^~
C:/Users/Kaung Htet Htun/AppData/Local/Arm/Packs/Keil/STM32F4xx_DFP/2.17.1/Drivers/STM32F4xx_HAL_Driver/Src/stm32f4xx_hal_gpio.c(108): warning: In file included from...
C:/Users/Kaung Htet Htun/AppData/Local/Arm/Packs/Keil/STM32F4xx_DFP/2.17.1/Drivers/STM32F4xx_HAL_Driver/Inc\stm32f4xx_hal.h(29): warning: In file included from...
./RTE/Device/STM32F407VGTx\stm32f4xx_hal_conf.h(511): warning: In file included from...
C:/Users/Kaung Htet Htun/AppData/Local/Arm/Packs/Keil/STM32F4xx_DFP/2.17.1/Drivers/STM32F4xx_HAL_Driver/Inc\stm32f4xx_hal_tim.h(306): warning: commas at the end of enumerator lists are a C99-specific feature [-Wc99-extensions]
  HAL_TIM_CHANNEL_STATE_BUSY              = 0x02U,    /*!< An internal process is ongoing on the TIM channel */
                                                 ^~
C:/Users/Kaung Htet Htun/AppData/Local/Arm/Packs/Keil/STM32F4xx_DFP/2.17.1/Drivers/STM32F4xx_HAL_Driver/Inc\stm32f4xx_hal_tim.h(316): warning: commas at the end of enumerator lists are a C99-specific feature [-Wc99-extensions]
  HAL_DMA_BURST_STATE_BUSY              = 0x02U,    /*!< Ongoing DMA Burst       */
                                               ^~
3 warnings generated.
compiling stm32f4xx_hal_gpio.c...
C:/Users/Kaung Htet Htun/AppData/Local/Arm/Packs/Keil/STM32F4xx_DFP/2.17.1/Drivers/STM32F4xx_HAL_Driver/Src/stm32f4xx_hal_dma.c(97): warning: In file included from...
C:/Users/Kaung Htet Htun/AppData/Local/Arm/Packs/Keil/STM32F4xx_DFP/2.17.1/Drivers/STM32F4xx_HAL_Driver/Inc\stm32f4xx_hal.h(29): warning: In file included from...
./RTE/Device/STM32F407VGTx\stm32f4xx_hal_conf.h(395): warning: In file included from...
C:/Users/Kaung Htet Htun/AppData/Local/Arm/Packs/Keil/STM32F4xx_DFP/2.17.1/Drivers/STM32F4xx_HAL_Driver/Inc\stm32f4xx_hal_dma.h(109): warning: commas at the end of enumerator lists are a C99-specific feature [-Wc99-extensions]
  HAL_DMA_STATE_ABORT             = 0x05U,  /*!< DMA Abort state                     */
                                         ^~
C:/Users/Kaung Htet Htun/AppData/Local/Arm/Packs/Keil/STM32F4xx_DFP/2.17.1/Drivers/STM32F4xx_HAL_Driver/Src/stm32f4xx_hal_dma.c(97): warning: In file included from...
C:/Users/Kaung Htet Htun/AppData/Local/Arm/Packs/Keil/STM32F4xx_DFP/2.17.1/Drivers/STM32F4xx_HAL_Driver/Inc\stm32f4xx_hal.h(29): warning: In file included from...
./RTE/Device/STM32F407VGTx\stm32f4xx_hal_conf.h(511): warning: In file included from...
C:/Users/Kaung Htet Htun/AppData/Local/Arm/Packs/Keil/STM32F4xx_DFP/2.17.1/Drivers/STM32F4xx_HAL_Driver/Inc\stm32f4xx_hal_tim.h(306): warning: commas at the end of enumerator lists are a C99-specific feature [-Wc99-extensions]
  HAL_TIM_CHANNEL_STATE_BUSY              = 0x02U,    /*!< An internal process is ongoing on the TIM channel */
                                                 ^~
C:/Users/Kaung Htet Htun/AppData/Local/Arm/Packs/Keil/STM32F4xx_DFP/2.17.1/Drivers/STM32F4xx_HAL_Driver/Inc\stm32f4xx_hal_tim.h(316): warning: commas at the end of enumerator lists are a C99-specific feature [-Wc99-extensions]
  HAL_DMA_BURST_STATE_BUSY              = 0x02U,    /*!< Ongoing DMA Burst       */
                                               ^~
C:/Users/Kaung Htet Htun/AppData/Local/Arm/Packs/Keil/STM32F4xx_DFP/2.17.1/Drivers/STM32F4xx_HAL_Driver/Src/stm32f4xx_hal_dma.c(289): warning: cast from function call of type 'uint32_t' (aka 'unsigned int') to non-matching type 'DMA_Base_Registers *' [-Wbad-function-cast]
  regs = (DMA_Base_Registers *)DMA_CalcBaseAndBitshift(hdma);
                               ^~~~~~~~~~~~~~~~~~~~~~~~~~~~~
C:/Users/Kaung Htet Htun/AppData/Local/Arm/Packs/Keil/STM32F4xx_DFP/2.17.1/Drivers/STM32F4xx_HAL_Driver/Src/stm32f4xx_hal_dma.c(97): warning: In file included from...
C:/Users/Kaung Htet Htun/AppData/Local/Arm/Packs/Keil/STM32F4xx_DFP/2.17.1/Drivers/STM32F4xx_HAL_Driver/Inc\stm32f4xx_hal.h(29): warning: In file included from...
./RTE/Device/STM32F407VGTx\stm32f4xx_hal_conf.h(395): warning: In file included from...
C:/Users/Kaung Htet Htun/AppData/Local/Arm/Packs/Keil/STM32F4xx_DFP/2.17.1/Drivers/STM32F4xx_HAL_Driver/Inc\stm32f4xx_hal_dma.h(148): warning: padding struct 'struct __DMA_HandleTypeDef' with 2 bytes to align 'Parent' [-Wpadded]
  void                       *Parent;                                                          /*!< Parent object state                    */ 
                              ^
C:/Users/Kaung Htet Htun/AppData/Local/Arm/Packs/Keil/STM32F4xx_DFP/2.17.1/Drivers/STM32F4xx_HAL_Driver/Src/stm32f4xx_hal_dma.c(351): warning: cast from function call of type 'uint32_t' (aka 'unsigned int') to non-matching type 'DMA_Base_Registers *' [-Wbad-function-cast]
  regs = (DMA_Base_Registers *)DMA_CalcBaseAndBitshift(hdma);
                               ^~~~~~~~~~~~~~~~~~~~~~~~~~~~~
C:/Users/Kaung Htet Htun/AppData/Local/Arm/Packs/Keil/STM32F4xx_DFP/2.17.1/Drivers/STM32F4xx_HAL_Driver/Src/stm32f4xx_hal_dma.c(977): warning: enumeration value 'HAL_DMA_XFER_ALL_CB_ID' not explicitly handled in switch [-Wswitch-enum]
    switch (CallbackID)
            ^
C:/Users/Kaung Htet Htun/AppData/Local/Arm/Packs/Keil/STM32F4xx_DFP/2.17.1/Drivers/STM32F4xx_HAL_Driver/Src/stm32f4xx_hal_dma.c(1073): warning: default label in switch which covers all enumeration values [-Wcovered-switch-default]
    default:
    ^
8 warnings generated.
compiling stm32f4xx_hal_dma.c...
C:/Users/Kaung Htet Htun/AppData/Local/Arm/Packs/Keil/STM32F4xx_DFP/2.17.1/Drivers/STM32F4xx_HAL_Driver/Src/stm32f4xx_hal_dma_ex.c(39): warning: In file included from...
C:/Users/Kaung Htet Htun/AppData/Local/Arm/Packs/Keil/STM32F4xx_DFP/2.17.1/Drivers/STM32F4xx_HAL_Driver/Inc\stm32f4xx_hal.h(29): warning: In file included from...
./RTE/Device/STM32F407VGTx\stm32f4xx_hal_conf.h(395): warning: In file included from...
C:/Users/Kaung Htet Htun/AppData/Local/Arm/Packs/Keil/STM32F4xx_DFP/2.17.1/Drivers/STM32F4xx_HAL_Driver/Inc\stm32f4xx_hal_dma.h(109): warning: commas at the end of enumerator lists are a C99-specific feature [-Wc99-extensions]
  HAL_DMA_STATE_ABORT             = 0x05U,  /*!< DMA Abort state                     */
                                         ^~
C:/Users/Kaung Htet Htun/AppData/Local/Arm/Packs/Keil/STM32F4xx_DFP/2.17.1/Drivers/STM32F4xx_HAL_Driver/Src/stm32f4xx_hal_dma_ex.c(39): warning: In file included from...
C:/Users/Kaung Htet Htun/AppData/Local/Arm/Packs/Keil/STM32F4xx_DFP/2.17.1/Drivers/STM32F4xx_HAL_Driver/Inc\stm32f4xx_hal.h(29): warning: In file included from...
./RTE/Device/STM32F407VGTx\stm32f4xx_hal_conf.h(511): warning: In file included from...
C:/Users/Kaung Htet Htun/AppData/Local/Arm/Packs/Keil/STM32F4xx_DFP/2.17.1/Drivers/STM32F4xx_HAL_Driver/Inc\stm32f4xx_hal_tim.h(306): warning: commas at the end of enumerator lists are a C99-specific feature [-Wc99-extensions]
  HAL_TIM_CHANNEL_STATE_BUSY              = 0x02U,    /*!< An internal process is ongoing on the TIM channel */
                                                 ^~
C:/Users/Kaung Htet Htun/AppData/Local/Arm/Packs/Keil/STM32F4xx_DFP/2.17.1/Drivers/STM32F4xx_HAL_Driver/Inc\stm32f4xx_hal_tim.h(316): warning: commas at the end of enumerator lists are a C99-specific feature [-Wc99-extensions]
  HAL_DMA_BURST_STATE_BUSY              = 0x02U,    /*!< Ongoing DMA Burst       */
                                               ^~
C:/Users/Kaung Htet Htun/AppData/Local/Arm/Packs/Keil/STM32F4xx_DFP/2.17.1/Drivers/STM32F4xx_HAL_Driver/Src/stm32f4xx_hal_dma_ex.c(39): warning: In file included from...
C:/Users/Kaung Htet Htun/AppData/Local/Arm/Packs/Keil/STM32F4xx_DFP/2.17.1/Drivers/STM32F4xx_HAL_Driver/Inc\stm32f4xx_hal.h(29): warning: In file included from...
./RTE/Device/STM32F407VGTx\stm32f4xx_hal_conf.h(395): warning: In file included from...
C:/Users/Kaung Htet Htun/AppData/Local/Arm/Packs/Keil/STM32F4xx_DFP/2.17.1/Drivers/STM32F4xx_HAL_Driver/Inc\stm32f4xx_hal_dma.h(148): warning: padding struct 'struct __DMA_HandleTypeDef' with 2 bytes to align 'Parent' [-Wpadded]
  void                       *Parent;                                                          /*!< Parent object state                    */ 
                              ^
4 warnings generated.
compiling stm32f4xx_hal_dma_ex.c...
C:/Users/Kaung Htet Htun/AppData/Local/Arm/Packs/Keil/STM32F4xx_DFP/2.17.1/Drivers/STM32F4xx_HAL_Driver/Src/stm32f4xx_hal_pwr_ex.c(23): warning: In file included from...
C:/Users/Kaung Htet Htun/AppData/Local/Arm/Packs/Keil/STM32F4xx_DFP/2.17.1/Drivers/STM32F4xx_HAL_Driver/Inc\stm32f4xx_hal.h(29): warning: In file included from...
./RTE/Device/STM32F407VGTx\stm32f4xx_hal_conf.h(395): warning: In file included from...
C:/Users/Kaung Htet Htun/AppData/Local/Arm/Packs/Keil/STM32F4xx_DFP/2.17.1/Drivers/STM32F4xx_HAL_Driver/Inc\stm32f4xx_hal_dma.h(109): warning: commas at the end of enumerator lists are a C99-specific feature [-Wc99-extensions]
  HAL_DMA_STATE_ABORT             = 0x05U,  /*!< DMA Abort state                     */
                                         ^~
C:/Users/Kaung Htet Htun/AppData/Local/Arm/Packs/Keil/STM32F4xx_DFP/2.17.1/Drivers/STM32F4xx_HAL_Driver/Src/stm32f4xx_hal_pwr_ex.c(23): warning: In file included from...
C:/Users/Kaung Htet Htun/AppData/Local/Arm/Packs/Keil/STM32F4xx_DFP/2.17.1/Drivers/STM32F4xx_HAL_Driver/Inc\stm32f4xx_hal.h(29): warning: In file included from...
./RTE/Device/STM32F407VGTx\stm32f4xx_hal_conf.h(511): warning: In file included from...
C:/Users/Kaung Htet Htun/AppData/Local/Arm/Packs/Keil/STM32F4xx_DFP/2.17.1/Drivers/STM32F4xx_HAL_Driver/Inc\stm32f4xx_hal_tim.h(306): warning: commas at the end of enumerator lists are a C99-specific feature [-Wc99-extensions]
  HAL_TIM_CHANNEL_STATE_BUSY              = 0x02U,    /*!< An internal process is ongoing on the TIM channel */
                                                 ^~
C:/Users/Kaung Htet Htun/AppData/Local/Arm/Packs/Keil/STM32F4xx_DFP/2.17.1/Drivers/STM32F4xx_HAL_Driver/Inc\stm32f4xx_hal_tim.h(316): warning: commas at the end of enumerator lists are a C99-specific feature [-Wc99-extensions]
  HAL_DMA_BURST_STATE_BUSY              = 0x02U,    /*!< Ongoing DMA Burst       */
                                               ^~
3 warnings generated.
compiling stm32f4xx_hal_pwr_ex.c...
C:/Users/Kaung Htet Htun/AppData/Local/Arm/Packs/Keil/STM32F4xx_DFP/2.17.1/Drivers/STM32F4xx_HAL_Driver/Src/stm32f4xx_hal_rcc.c(67): warning: In file included from...
C:/Users/Kaung Htet Htun/AppData/Local/Arm/Packs/Keil/STM32F4xx_DFP/2.17.1/Drivers/STM32F4xx_HAL_Driver/Inc\stm32f4xx_hal.h(29): warning: In file included from...
./RTE/Device/STM32F407VGTx\stm32f4xx_hal_conf.h(395): warning: In file included from...
C:/Users/Kaung Htet Htun/AppData/Local/Arm/Packs/Keil/STM32F4xx_DFP/2.17.1/Drivers/STM32F4xx_HAL_Driver/Inc\stm32f4xx_hal_dma.h(109): warning: commas at the end of enumerator lists are a C99-specific feature [-Wc99-extensions]
  HAL_DMA_STATE_ABORT             = 0x05U,  /*!< DMA Abort state                     */
                                         ^~
C:/Users/Kaung Htet Htun/AppData/Local/Arm/Packs/Keil/STM32F4xx_DFP/2.17.1/Drivers/STM32F4xx_HAL_Driver/Src/stm32f4xx_hal_rcc.c(67): warning: In file included from...
C:/Users/Kaung Htet Htun/AppData/Local/Arm/Packs/Keil/STM32F4xx_DFP/2.17.1/Drivers/STM32F4xx_HAL_Driver/Inc\stm32f4xx_hal.h(29): warning: In file included from...
./RTE/Device/STM32F407VGTx\stm32f4xx_hal_conf.h(511): warning: In file included from...
C:/Users/Kaung Htet Htun/AppData/Local/Arm/Packs/Keil/STM32F4xx_DFP/2.17.1/Drivers/STM32F4xx_HAL_Driver/Inc\stm32f4xx_hal_tim.h(306): warning: commas at the end of enumerator lists are a C99-specific feature [-Wc99-extensions]
  HAL_TIM_CHANNEL_STATE_BUSY              = 0x02U,    /*!< An internal process is ongoing on the TIM channel */
                                                 ^~
C:/Users/Kaung Htet Htun/AppData/Local/Arm/Packs/Keil/STM32F4xx_DFP/2.17.1/Drivers/STM32F4xx_HAL_Driver/Inc\stm32f4xx_hal_tim.h(316): warning: commas at the end of enumerator lists are a C99-specific feature [-Wc99-extensions]
  HAL_DMA_BURST_STATE_BUSY              = 0x02U,    /*!< Ongoing DMA Burst       */
                                               ^~
3 warnings generated.
compiling stm32f4xx_hal_rcc.c...
C:/Users/Kaung Htet Htun/AppData/Local/Arm/Packs/Keil/STM32F4xx_DFP/2.17.1/Drivers/STM32F4xx_HAL_Driver/Src/stm32f4xx_hal_rcc_ex.c(23): warning: In file included from...
C:/Users/Kaung Htet Htun/AppData/Local/Arm/Packs/Keil/STM32F4xx_DFP/2.17.1/Drivers/STM32F4xx_HAL_Driver/Inc\stm32f4xx_hal.h(29): warning: In file included from...
./RTE/Device/STM32F407VGTx\stm32f4xx_hal_conf.h(395): warning: In file included from...
C:/Users/Kaung Htet Htun/AppData/Local/Arm/Packs/Keil/STM32F4xx_DFP/2.17.1/Drivers/STM32F4xx_HAL_Driver/Inc\stm32f4xx_hal_dma.h(109): warning: commas at the end of enumerator lists are a C99-specific feature [-Wc99-extensions]
  HAL_DMA_STATE_ABORT             = 0x05U,  /*!< DMA Abort state                     */
                                         ^~
C:/Users/Kaung Htet Htun/AppData/Local/Arm/Packs/Keil/STM32F4xx_DFP/2.17.1/Drivers/STM32F4xx_HAL_Driver/Src/stm32f4xx_hal_rcc_ex.c(23): warning: In file included from...
C:/Users/Kaung Htet Htun/AppData/Local/Arm/Packs/Keil/STM32F4xx_DFP/2.17.1/Drivers/STM32F4xx_HAL_Driver/Inc\stm32f4xx_hal.h(29): warning: In file included from...
./RTE/Device/STM32F407VGTx\stm32f4xx_hal_conf.h(511): warning: In file included from...
C:/Users/Kaung Htet Htun/AppData/Local/Arm/Packs/Keil/STM32F4xx_DFP/2.17.1/Drivers/STM32F4xx_HAL_Driver/Inc\stm32f4xx_hal_tim.h(306): warning: commas at the end of enumerator lists are a C99-specific feature [-Wc99-extensions]
  HAL_TIM_CHANNEL_STATE_BUSY              = 0x02U,    /*!< An internal process is ongoing on the TIM channel */
                                                 ^~
C:/Users/Kaung Htet Htun/AppData/Local/Arm/Packs/Keil/STM32F4xx_DFP/2.17.1/Drivers/STM32F4xx_HAL_Driver/Inc\stm32f4xx_hal_tim.h(316): warning: commas at the end of enumerator lists are a C99-specific feature [-Wc99-extensions]
  HAL_DMA_BURST_STATE_BUSY              = 0x02U,    /*!< Ongoing DMA Burst       */
                                               ^~
3 warnings generated.
compiling stm32f4xx_hal_rcc_ex.c...
assembling startup_stm32f407xx.s...
C:/Users/Kaung Htet Htun/AppData/Local/Arm/Packs/Keil/STM32F4xx_DFP/2.17.1/Drivers/STM32F4xx_HAL_Driver/Src/stm32f4xx_hal_tim_ex.c(81): warning: In file included from...
C:/Users/Kaung Htet Htun/AppData/Local/Arm/Packs/Keil/STM32F4xx_DFP/2.17.1/Drivers/STM32F4xx_HAL_Driver/Inc\stm32f4xx_hal.h(29): warning: In file included from...
./RTE/Device/STM32F407VGTx\stm32f4xx_hal_conf.h(395): warning: In file included from...
C:/Users/Kaung Htet Htun/AppData/Local/Arm/Packs/Keil/STM32F4xx_DFP/2.17.1/Drivers/STM32F4xx_HAL_Driver/Inc\stm32f4xx_hal_dma.h(109): warning: commas at the end of enumerator lists are a C99-specific feature [-Wc99-extensions]
  HAL_DMA_STATE_ABORT             = 0x05U,  /*!< DMA Abort state                     */
                                         ^~
C:/Users/Kaung Htet Htun/AppData/Local/Arm/Packs/Keil/STM32F4xx_DFP/2.17.1/Drivers/STM32F4xx_HAL_Driver/Src/stm32f4xx_hal_tim_ex.c(81): warning: In file included from...
C:/Users/Kaung Htet Htun/AppData/Local/Arm/Packs/Keil/STM32F4xx_DFP/2.17.1/Drivers/STM32F4xx_HAL_Driver/Inc\stm32f4xx_hal.h(29): warning: In file included from...
./RTE/Device/STM32F407VGTx\stm32f4xx_hal_conf.h(511): warning: In file included from...
C:/Users/Kaung Htet Htun/AppData/Local/Arm/Packs/Keil/STM32F4xx_DFP/2.17.1/Drivers/STM32F4xx_HAL_Driver/Inc\stm32f4xx_hal_tim.h(306): warning: commas at the end of enumerator lists are a C99-specific feature [-Wc99-extensions]
  HAL_TIM_CHANNEL_STATE_BUSY              = 0x02U,    /*!< An internal process is ongoing on the TIM channel */
                                                 ^~
C:/Users/Kaung Htet Htun/AppData/Local/Arm/Packs/Keil/STM32F4xx_DFP/2.17.1/Drivers/STM32F4xx_HAL_Driver/Inc\stm32f4xx_hal_tim.h(316): warning: commas at the end of enumerator lists are a C99-specific feature [-Wc99-extensions]
  HAL_DMA_BURST_STATE_BUSY              = 0x02U,    /*!< Ongoing DMA Burst       */
                                               ^~
C:/Users/Kaung Htet Htun/AppData/Local/Arm/Packs/Keil/STM32F4xx_DFP/2.17.1/Drivers/STM32F4xx_HAL_Driver/Inc\stm32f4xx_hal_tim.h(343): warning: padding struct 'TIM_HandleTypeDef' with 3 bytes to align 'hdma' [-Wpadded]
  DMA_HandleTypeDef                  *hdma[7];          /*!< DMA Handlers array
                                      ^
C:/Users/Kaung Htet Htun/AppData/Local/Arm/Packs/Keil/STM32F4xx_DFP/2.17.1/Drivers/STM32F4xx_HAL_Driver/Inc\stm32f4xx_hal_tim.h(337): warning: padding size of 'TIM_HandleTypeDef' with 1 byte to alignment boundary [-Wpadded]
typedef struct
        ^
C:/Users/Kaung Htet Htun/AppData/Local/Arm/Packs/Keil/STM32F4xx_DFP/2.17.1/Drivers/STM32F4xx_HAL_Driver/Src/stm32f4xx_hal_tim_ex.c(81): warning: In file included from...
C:/Users/Kaung Htet Htun/AppData/Local/Arm/Packs/Keil/STM32F4xx_DFP/2.17.1/Drivers/STM32F4xx_HAL_Driver/Inc\stm32f4xx_hal.h(29): warning: In file included from...
./RTE/Device/STM32F407VGTx\stm32f4xx_hal_conf.h(395): warning: In file included from...
C:/Users/Kaung Htet Htun/AppData/Local/Arm/Packs/Keil/STM32F4xx_DFP/2.17.1/Drivers/STM32F4xx_HAL_Driver/Inc\stm32f4xx_hal_dma.h(148): warning: padding struct 'struct __DMA_HandleTypeDef' with 2 bytes to align 'Parent' [-Wpadded]
  void                       *Parent;                                                          /*!< Parent object state                    */ 
                              ^
6 warnings generated.
compiling stm32f4xx_hal_tim_ex.c...
RTE/Device/STM32F407VGTx/system_stm32f4xx.c(49): warning: In file included from...
C:/Users/Kaung Htet Htun/AppData/Local/Arm/Packs/Keil/STM32F4xx_DFP/2.17.1/Drivers/CMSIS/Device/ST/STM32F4xx/Include\stm32f4xx.h(287): warning: In file included from...
C:/Users/Kaung Htet Htun/AppData/Local/Arm/Packs/Keil/STM32F4xx_DFP/2.17.1/Drivers/STM32F4xx_HAL_Driver/Inc\stm32f4xx_hal.h(29): warning: In file included from...
./RTE/Device/STM32F407VGTx\stm32f4xx_hal_conf.h(395): warning: In file included from...
C:/Users/Kaung Htet Htun/AppData/Local/Arm/Packs/Keil/STM32F4xx_DFP/2.17.1/Drivers/STM32F4xx_HAL_Driver/Inc\stm32f4xx_hal_dma.h(109): warning: commas at the end of enumerator lists are a C99-specific feature [-Wc99-extensions]
  HAL_DMA_STATE_ABORT             = 0x05U,  /*!< DMA Abort state                     */
                                         ^~
RTE/Device/STM32F407VGTx/system_stm32f4xx.c(49): warning: In file included from...
C:/Users/Kaung Htet Htun/AppData/Local/Arm/Packs/Keil/STM32F4xx_DFP/2.17.1/Drivers/CMSIS/Device/ST/STM32F4xx/Include\stm32f4xx.h(287): warning: In file included from...
C:/Users/Kaung Htet Htun/AppData/Local/Arm/Packs/Keil/STM32F4xx_DFP/2.17.1/Drivers/STM32F4xx_HAL_Driver/Inc\stm32f4xx_hal.h(29): warning: In file included from...
./RTE/Device/STM32F407VGTx\stm32f4xx_hal_conf.h(511): warning: In file included from...
C:/Users/Kaung Htet Htun/AppData/Local/Arm/Packs/Keil/STM32F4xx_DFP/2.17.1/Drivers/STM32F4xx_HAL_Driver/Inc\stm32f4xx_hal_tim.h(306): warning: commas at the end of enumerator lists are a C99-specific feature [-Wc99-extensions]
  HAL_TIM_CHANNEL_STATE_BUSY              = 0x02U,    /*!< An internal process is ongoing on the TIM channel */
                                                 ^~
C:/Users/Kaung Htet Htun/AppData/Local/Arm/Packs/Keil/STM32F4xx_DFP/2.17.1/Drivers/STM32F4xx_HAL_Driver/Inc\stm32f4xx_hal_tim.h(316): warning: commas at the end of enumerator lists are a C99-specific feature [-Wc99-extensions]
  HAL_DMA_BURST_STATE_BUSY              = 0x02U,    /*!< Ongoing DMA Burst       */
                                               ^~
3 warnings generated.
compiling system_stm32f4xx.c...
C:/Users/Kaung Htet Htun/AppData/Local/Arm/Packs/Keil/STM32F4xx_DFP/2.17.1/Drivers/STM32F4xx_HAL_Driver/Src/stm32f4xx_hal_tim.c(186): warning: In file included from...
C:/Users/Kaung Htet Htun/AppData/Local/Arm/Packs/Keil/STM32F4xx_DFP/2.17.1/Drivers/STM32F4xx_HAL_Driver/Inc\stm32f4xx_hal.h(29): warning: In file included from...
./RTE/Device/STM32F407VGTx\stm32f4xx_hal_conf.h(395): warning: In file included from...
C:/Users/Kaung Htet Htun/AppData/Local/Arm/Packs/Keil/STM32F4xx_DFP/2.17.1/Drivers/STM32F4xx_HAL_Driver/Inc\stm32f4xx_hal_dma.h(109): warning: commas at the end of enumerator lists are a C99-specific feature [-Wc99-extensions]
  HAL_DMA_STATE_ABORT             = 0x05U,  /*!< DMA Abort state                     */
                                         ^~
C:/Users/Kaung Htet Htun/AppData/Local/Arm/Packs/Keil/STM32F4xx_DFP/2.17.1/Drivers/STM32F4xx_HAL_Driver/Src/stm32f4xx_hal_tim.c(186): warning: In file included from...
C:/Users/Kaung Htet Htun/AppData/Local/Arm/Packs/Keil/STM32F4xx_DFP/2.17.1/Drivers/STM32F4xx_HAL_Driver/Inc\stm32f4xx_hal.h(29): warning: In file included from...
./RTE/Device/STM32F407VGTx\stm32f4xx_hal_conf.h(511): warning: In file included from...
C:/Users/Kaung Htet Htun/AppData/Local/Arm/Packs/Keil/STM32F4xx_DFP/2.17.1/Drivers/STM32F4xx_HAL_Driver/Inc\stm32f4xx_hal_tim.h(306): warning: commas at the end of enumerator lists are a C99-specific feature [-Wc99-extensions]
  HAL_TIM_CHANNEL_STATE_BUSY              = 0x02U,    /*!< An internal process is ongoing on the TIM channel */
                                                 ^~
C:/Users/Kaung Htet Htun/AppData/Local/Arm/Packs/Keil/STM32F4xx_DFP/2.17.1/Drivers/STM32F4xx_HAL_Driver/Inc\stm32f4xx_hal_tim.h(316): warning: commas at the end of enumerator lists are a C99-specific feature [-Wc99-extensions]
  HAL_DMA_BURST_STATE_BUSY              = 0x02U,    /*!< Ongoing DMA Burst       */
                                               ^~
C:/Users/Kaung Htet Htun/AppData/Local/Arm/Packs/Keil/STM32F4xx_DFP/2.17.1/Drivers/STM32F4xx_HAL_Driver/Inc\stm32f4xx_hal_tim.h(343): warning: padding struct 'TIM_HandleTypeDef' with 3 bytes to align 'hdma' [-Wpadded]
  DMA_HandleTypeDef                  *hdma[7];          /*!< DMA Handlers array
                                      ^
C:/Users/Kaung Htet Htun/AppData/Local/Arm/Packs/Keil/STM32F4xx_DFP/2.17.1/Drivers/STM32F4xx_HAL_Driver/Inc\stm32f4xx_hal_tim.h(337): warning: padding size of 'TIM_HandleTypeDef' with 1 byte to alignment boundary [-Wpadded]
typedef struct
        ^
C:/Users/Kaung Htet Htun/AppData/Local/Arm/Packs/Keil/STM32F4xx_DFP/2.17.1/Drivers/STM32F4xx_HAL_Driver/Src/stm32f4xx_hal_tim.c(186): warning: In file included from...
C:/Users/Kaung Htet Htun/AppData/Local/Arm/Packs/Keil/STM32F4xx_DFP/2.17.1/Drivers/STM32F4xx_HAL_Driver/Inc\stm32f4xx_hal.h(29): warning: In file included from...
./RTE/Device/STM32F407VGTx\stm32f4xx_hal_conf.h(395): warning: In file included from...
C:/Users/Kaung Htet Htun/AppData/Local/Arm/Packs/Keil/STM32F4xx_DFP/2.17.1/Drivers/STM32F4xx_HAL_Driver/Inc\stm32f4xx_hal_dma.h(148): warning: padding struct 'struct __DMA_HandleTypeDef' with 2 bytes to align 'Parent' [-Wpadded]
  void                       *Parent;                                                          /*!< Parent object state                    */ 
                              ^
6 warnings generated.
compiling stm32f4xx_hal_tim.c...
linking...
Program Size: Code=376 RO-data=408 RW-data=0 ZI-data=1632  
".\Objects\test.axf" - 0 Error(s), 54 Warning(s).

<h2>Software Packages used:</h2>

Package Vendor: ARM
                http://www.keil.com/pack/ARM.CMSIS.5.9.0.pack
                ARM.CMSIS.5.9.0
                CMSIS (Common Microcontroller Software Interface Standard)
   * Component: CORE Version: 5.6.0

Package Vendor: Keil
                https://www.keil.com/pack/Keil.STM32F4xx_DFP.2.17.1.pack
                Keil.STM32F4xx_DFP.2.17.1
                STMicroelectronics STM32F4 Series Device Support, Drivers and Examples
   * Component: STM32Cube Framework Version: 1.0.0
   * Component: Classic Version: 1.8.1
   * Component: Common Version: 1.8.1
   * Component: Cortex Version: 1.8.1
   * Component: DMA Version: 1.8.1
   * Component: GPIO Version: 1.8.1
   * Component: PWR Version: 1.8.1
   * Component: RCC Version: 1.8.1
   * Component: TIM Version: 1.8.1
   * Component: Startup Version: 2.6.3

<h2>Collection of Component include folders:</h2>
  .\RTE\Device\STM32F407VGTx
  .\RTE\_Target_1
  C:\Users\Kaung Htet Htun\AppData\Local\Arm\Packs\ARM\CMSIS\5.9.0\CMSIS\Core\Include
  C:\Users\Kaung Htet Htun\AppData\Local\Arm\Packs\Keil\STM32F4xx_DFP\2.17.1\Drivers\CMSIS\Device\ST\STM32F4xx\Include
  C:\Users\Kaung Htet Htun\AppData\Local\Arm\Packs\Keil\STM32F4xx_DFP\2.17.1\Drivers\STM32F4xx_HAL_Driver\Inc

<h2>Collection of Component Files used:</h2>

   * Component: ::Device:STM32Cube Framework:1.0.0 (API)

   * Component: ARM::CMSIS:CORE:5.6.0

   * Component: Keil::Device:STM32Cube Framework:Classic:1.8.1
      Include file:  CMSIS\Driver\Config\RTE_Device.h
      Include file:  MDK\Templates\Inc\stm32f4xx_hal_conf.h
      Include file:  MDK\Templates\Inc\main.h
      Source file:   MDK\Templates\Src\stm32f4xx_it.c
      Source file:   MDK\Templates\Src\stm32f4xx_hal_msp.c
      Source file:   MDK\Templates_LL\Src\main.c
      Include file:  MDK\Templates\Inc\stm32f4xx_it.h
      Source file:   MDK\Templates\Src\main.c
      Include file:  MDK\Templates_LL\Inc\main.h

   * Component: Keil::Device:STM32Cube HAL:Common:1.8.1
      Source file:   Drivers\STM32F4xx_HAL_Driver\Src\stm32f4xx_hal.c
      Include file:  Drivers\STM32F4xx_HAL_Driver\Inc\stm32f4xx_hal.h

   * Component: Keil::Device:STM32Cube HAL:Cortex:1.8.1
      Source file:   Drivers\STM32F4xx_HAL_Driver\Src\stm32f4xx_hal_cortex.c

   * Component: Keil::Device:STM32Cube HAL:DMA:1.8.1
      Source file:   Drivers\STM32F4xx_HAL_Driver\Src\stm32f4xx_hal_dma.c
      Source file:   Drivers\STM32F4xx_HAL_Driver\Src\stm32f4xx_hal_dma_ex.c

   * Component: Keil::Device:STM32Cube HAL:GPIO:1.8.1
      Source file:   Drivers\STM32F4xx_HAL_Driver\Src\stm32f4xx_hal_gpio.c

   * Component: Keil::Device:STM32Cube HAL:PWR:1.8.1
      Source file:   Drivers\STM32F4xx_HAL_Driver\Src\stm32f4xx_hal_pwr.c
      Source file:   Drivers\STM32F4xx_HAL_Driver\Src\stm32f4xx_hal_pwr_ex.c

   * Component: Keil::Device:STM32Cube HAL:RCC:1.8.1
      Source file:   Drivers\STM32F4xx_HAL_Driver\Src\stm32f4xx_hal_rcc_ex.c
      Source file:   Drivers\STM32F4xx_HAL_Driver\Src\stm32f4xx_hal_rcc.c

   * Component: Keil::Device:STM32Cube HAL:TIM:1.8.1
      Source file:   Drivers\STM32F4xx_HAL_Driver\Src\stm32f4xx_hal_tim.c
      Source file:   Drivers\STM32F4xx_HAL_Driver\Src\stm32f4xx_hal_tim_ex.c

   * Component: Keil::Device:Startup:2.6.3
      Source file:   MDK\Device\Source\ARM\STM32F4xx_OTP.s
      Include file:  Drivers\CMSIS\Device\ST\STM32F4xx\Include\stm32f4xx.h
      Source file:   MDK\Device\Source\ARM\STM32F40xxx_41xxx_OPT.s
      Source file:   Drivers\CMSIS\Device\ST\STM32F4xx\Source\Templates\arm\startup_stm32f407xx.s
      Source file:   Drivers\CMSIS\Device\ST\STM32F4xx\Source\Templates\system_stm32f4xx.c
Build Time Elapsed:  00:00:10
</pre>
</body>
</html>
